#-----------------------------------------------------------
# Vivado v2018.3 (64-bit)
# SW Build 2405991 on Thu Dec  6 23:38:27 MST 2018
# IP Build 2404404 on Fri Dec  7 01:43:56 MST 2018
# Start of session at: Thu Nov 18 22:02:10 2021
# Process ID: 3452
# Current directory: C:/Users/pskon/Downloads/labF_v2
# Command line: vivado.exe -gui_launcher_event rodinguilauncherevent12372 C:\Users\pskon\Downloads\labF_v2\labF.xpr
# Log file: C:/Users/pskon/Downloads/labF_v2/vivado.log
# Journal file: C:/Users/pskon/Downloads/labF_v2\vivado.jou
#-----------------------------------------------------------
start_gui
open_project C:/Users/pskon/Downloads/labF_v2/labF.xpr
update_compile_order -fileset sources_1
set_property is_enabled false [get_files  C:/Users/pskon/Downloads/labF_v2/labF.srcs/sim_1/new/ms_flipflop_tb.v]
launch_simulation
source multiple_storage_tb.tcl
export_ip_user_files -of_objects  [get_files C:/Users/pskon/Downloads/design_4.v] -no_script -reset -force -quiet
remove_files  C:/Users/pskon/Downloads/design_4.v
remove_files  C:/Users/pskon/Downloads/design_4.v
export_ip_user_files -of_objects  [get_files C:/Users/pskon/Downloads/tb_3.v] -no_script -reset -force -quiet
export_ip_user_files -of_objects  [get_files C:/Users/pskon/Downloads/tb_4.v] -no_script -reset -force -quiet
remove_files  -fileset sim_1 {C:/Users/pskon/Downloads/tb_3.v C:/Users/pskon/Downloads/tb_4.v}
synth_design -rtl -name rtl_1
close_sim
