#-----------------------------------------------------------
# Vivado v2018.3 (64-bit)
# SW Build 2405991 on Thu Dec  6 23:38:27 MST 2018
# IP Build 2404404 on Fri Dec  7 01:43:56 MST 2018
# Start of session at: Thu Sep 30 18:57:46 2021
# Process ID: 3540
# Current directory: C:/Users/pskon/Workbench_repo/lab3_v2
# Command line: vivado.exe -gui_launcher_event rodinguilauncherevent1036 C:\Users\pskon\Workbench_repo\lab3_v2\lab3_v2.xpr
# Log file: C:/Users/pskon/Workbench_repo/lab3_v2/vivado.log
# Journal file: C:/Users/pskon/Workbench_repo/lab3_v2\vivado.jou
#-----------------------------------------------------------
start_gui
open_project C:/Users/pskon/Workbench_repo/lab3_v2/lab3_v2.xpr
update_compile_order -fileset sources_1
launch_simulation
source testbench_4.tcl
synth_design -rtl -name rtl_1
close_design
set_property is_enabled true [get_files  {{C:/Users/pskon/Workbench_repo/lab3_v2/lab3_v2.srcs/sources_1/imports/Downloads/mut design.v}}]
set_property is_enabled true [get_files  C:/Users/pskon/Workbench_repo/lab3_v2/lab3_v2.srcs/constrs_1/imports/Downloads/mutconstraint.xdc]
set_property is_enabled false [get_files  C:/Users/pskon/Workbench_repo/lab3_v2/lab3_v2.srcs/constrs_1/imports/Downloads/fourbitfulladdconstraint.xdc]
update_compile_order -fileset sources_1
set_property is_enabled false [get_files  {{C:/Users/pskon/Workbench_repo/lab3_v2/lab3_v2.srcs/sources_1/imports/Downloads/fourbitfulladd design.v}}]
update_compile_order -fileset sources_1
set_property is_enabled true [get_files  {{C:/Users/pskon/Workbench_repo/lab3_v2/lab3_v2.srcs/sim_1/imports/Downloads/mut tb.v}}]
update_compile_order -fileset sim_1
set_property is_enabled false [get_files  {{C:/Users/pskon/Workbench_repo/lab3_v2/lab3_v2.srcs/sim_1/imports/Downloads/mut tb.v}}]
set_property is_enabled true [get_files  {{C:/Users/pskon/Workbench_repo/lab3_v2/lab3_v2.srcs/sim_1/imports/Downloads/mut tb.v}}]
update_compile_order -fileset sim_1
set_property is_enabled false [get_files  {{C:/Users/pskon/Workbench_repo/lab3_v2/lab3_v2.srcs/sim_1/imports/Downloads/fourbitfulladd testbench.v}}]
update_compile_order -fileset sim_1
close_sim
launch_simulation
source muttb.tcl
close_sim
set_property is_enabled false [get_files  {{C:/Users/pskon/Workbench_repo/lab3_v2/lab3_v2.srcs/sources_1/imports/Downloads/mut design.v}}]
set_property is_enabled true [get_files  {{C:/Users/pskon/Workbench_repo/lab3_v2/lab3_v2.srcs/sources_1/imports/Downloads/mut design.v}}]
update_files -from_files C:/Users/pskon/Workbench_repo/lab3_v2/lab3_v2.srcs/sources_1/imports/Downloads/mutdesign.v -to_files {{C:/Users/pskon/Workbench_repo/lab3_v2/lab3_v2.srcs/sources_1/imports/Downloads/mut design.v}} -filesets [get_filesets *]
